// Jest Snapshot v1, https://goo.gl/fbAQLP

exports[`DepositCrypto should match snapshot 1`] = `
<ContextProvider
  value={
    Object {
      "store": Object {
        "@@observable": [Function],
        "dispatch": [Function],
        "getState": [Function],
        "replaceReducer": [Function],
        "subscribe": [Function],
      },
      "subscription": Subscription {
        "handleChangeWrapper": [Function],
        "listeners": Object {
          "notify": [Function],
        },
        "onStateChange": [Function],
        "parentSub": undefined,
        "store": Object {
          "@@observable": [Function],
          "dispatch": [Function],
          "getState": [Function],
          "replaceReducer": [Function],
          "subscribe": [Function],
        },
        "unsubscribe": null,
      },
    }
  }
>
  <DepositCrypto
    dimensions={118}
    disabled={false}
    error="error123"
    handleGenerateAddress={[MockFunction]}
    handleOnCopy={[MockFunction]}
    text="text123"
    wallet={
      Object {
        "currency": "eth",
        "fee": 0,
        "fixed": 0,
        "name": "",
        "type": "coin",
      }
    }
  />
  ,
</ContextProvider>
`;
